2026-08-24 11:23:04,964 | INFO | ============================================================
2026-08-24 11:23:04,965 | INFO | STARTING CARS.CO.ZA LISTING COLLECTOR
2026-08-24 11:23:04,965 | INFO | ============================================================
2026-08-24 11:23:04,965 | INFO | Pages configured: 2 to 3
2026-08-24 11:23:04,965 | INFO | Opening page 2: https://www.cars.co.za/usedcars/?sort=sort_rank&price_type=listing_price&P=2
2026-08-24 11:23:06,229 | INFO | Page 2 downloaded successfully. Status: 200
2026-08-24 11:23:06,481 | INFO | Skipped possible sponsored listing: https://www.cars.co.za/for-sale/used/2021-Ford-Everest-2.2-TDCi-XLS-Auto-Gauteng-Boksburg/11193489/
2026-08-24 11:23:06,485 | INFO | Page 2: found 19 possible listing links.
2026-08-24 11:23:06,501 | INFO | Waiting 2.92 seconds before next page...
2026-08-24 11:23:09,417 | INFO | Opening page 3: https://www.cars.co.za/usedcars/?sort=sort_rank&price_type=listing_price&P=3
2026-08-24 11:23:10,013 | INFO | Page 3 downloaded successfully. Status: 200
2026-08-24 11:23:10,222 | INFO | Skipped possible sponsored listing: https://www.cars.co.za/for-sale/used/2024-Renault-Kiger-1.0T-Intens-Gauteng-Randburg/11193564/
2026-08-24 11:23:10,223 | INFO | Skipped possible sponsored listing: https://www.cars.co.za/for-sale/used/2021-Ford-Ranger-2.0D-XLT-4x4-Double-Cab-Gauteng-Johannesburg/11193284/
2026-08-24 11:23:10,224 | INFO | Skipped possible sponsored listing: https://www.cars.co.za/for-sale/used/2022-BMW-1-Series-118i-M-Sport-Gauteng-Johannesburg/11193283/
2026-08-24 11:23:10,224 | INFO | Skipped possible sponsored listing: https://www.cars.co.za/for-sale/used/2021-BMW-3-Series-330i-M-Sport-Gauteng-Johannesburg/11193282/
2026-08-24 11:23:10,224 | INFO | Skipped possible sponsored listing: https://www.cars.co.za/for-sale/used/2013-Audi-A8-4.2-TDI-quattro-Auto-Gauteng-Pretoria/11193449/
2026-08-24 11:23:10,227 | INFO | Page 3: found 14 possible listing links.
2026-08-24 11:23:10,229 | INFO | ============================================================
2026-08-24 11:23:10,229 | INFO | TOTAL UNIQUE LISTINGS: 33
2026-08-24 11:23:10,229 | INFO | Saved to: D:\car-ad-automation\output\cars.json
2026-08-24 11:23:10,230 | INFO | ============================================================
2026-08-25 10:34:02,798 | INFO | Downloading https://www.cars.co.za/usedcars/?sort=sort_rank&price_type=listing_price&P=1
2026-08-25 10:34:04,140 | INFO | Downloading https://www.cars.co.za/for-sale/used/2019-Haval-H6C-2.0T-Luxury-Auto-Gauteng-Vereeniging/11195262/
2026-08-25 10:34:04,315 | INFO | [1/5] 2019 Haval H6C | Price: 249900 | Images: 28/5 | Status: parsed
2026-08-25 10:34:05,816 | INFO | Downloading https://www.cars.co.za/for-sale/used/2020-Toyota-Hilux-2.8-GD-6-Raised-Body-Raider-4x4-Auto-Extended-Cab-Gauteng-Vereeniging/11195258/
2026-08-25 10:34:06,410 | INFO | [2/5] 2020 Toyota Hilux | Price: 649900 | Images: 28/5 | Status: parsed
2026-08-25 10:34:07,910 | INFO | Downloading https://www.cars.co.za/for-sale/used/2017-Volkswagen-Polo-GP-1.2-TSI-Trendline-66kW-Gauteng-Pretoria/11195279/
2026-08-25 10:34:08,094 | INFO | [3/5] 2017 Volkswagen Polo | Price: 174900 | Images: 28/5 | Status: parsed
2026-08-25 10:34:09,595 | INFO | Downloading https://www.cars.co.za/for-sale/used/2017-Nissan-Qashqai-1.2T-Acenta-Tech-Auto-Western-Cape-Cape-Town/11195308/
2026-08-25 10:34:09,744 | INFO | [4/5] 2017 Nissan Qashqai | Price: 175000 | Images: 1/5 | Status: parsed
2026-08-25 10:34:11,245 | INFO | Downloading https://www.cars.co.za/for-sale/used/2022-Kia-Picanto-1.2-Street-Western-Cape-Cape-Town/11195307/
2026-08-25 10:34:11,497 | INFO | [5/5] 2022 Kia Picanto | Price: 160995 | Images: 1/5 | Status: parsed
2026-08-25 10:34:12,998 | INFO | Downloading https://www.cars.co.za/for-sale/used/2023-Kia-Picanto-1.2-X-Line-Auto-Western-Cape-Cape-Town/11195306/
2026-08-25 10:34:13,435 | INFO | [6/5] 2023 Kia Picanto | Price: 204995 | Images: 1/5 | Status: parsed
2026-08-25 10:34:14,935 | INFO | Downloading https://www.cars.co.za/for-sale/used/2013-BMW-3-Series-320i-M-Sport-Auto-Gauteng-Pretoria/11195297/
2026-08-25 10:34:15,354 | INFO | [7/5] 2013 BMW 3 | Price: 169000 | Images: 1/5 | Status: parsed
2026-08-25 10:34:16,855 | INFO | Downloading https://www.cars.co.za/for-sale/used/2013-Mitsubishi-Pajero-3.2-Di-Dc-GLS-SWB-Auto-Gauteng-Four-Ways/11195295/
2026-08-25 10:34:17,891 | INFO | [8/5] 2013 Mitsubishi Pajero | Price: 499900 | Images: 1/5 | Status: parsed
2026-08-25 10:34:19,392 | INFO | Downloading https://www.cars.co.za/for-sale/used/2023-Toyota-Corolla-Cross-1.8-XR-Gauteng-Germiston/11195303/
2026-08-25 10:34:19,830 | INFO | [9/5] 2023 Toyota Corolla | Price: 263000 | Images: 1/5 | Status: parsed
2026-08-25 10:34:21,331 | INFO | Downloading https://www.cars.co.za/for-sale/used/2018-Audi-S3-Cabriolet-quattro-Auto-Gauteng-Four-Ways/11195294/
2026-08-25 10:34:21,756 | INFO | [10/5] 2018 Audi S3 | Price: 599900 | Images: 1/5 | Status: parsed
2026-08-25 10:34:23,257 | INFO | Downloading https://www.cars.co.za/for-sale/used/2010-Mercedes-Benz-C-Class-C-350-Avantgarde-Auto-Gauteng-Four-Ways/11195292/
2026-08-25 10:34:23,738 | INFO | [11/5] 2010 Mercedes-Benz C-Class | Price: 199900 | Images: 1/5 | Status: parsed
2026-08-25 10:34:25,239 | INFO | Downloading https://www.cars.co.za/for-sale/used/2018-Toyota-86-GT-2.0-Gauteng-Four-Ways/11195290/
2026-08-25 10:34:25,679 | INFO | [12/5] 2018 Toyota 86 | Price: 449900 | Images: 1/5 | Status: parsed
2026-08-25 10:34:27,180 | INFO | Downloading https://www.cars.co.za/for-sale/used/2014-Mitsubishi-Pajero-3.2-Di-Dc-GLS-SWB-Auto-Gauteng-Four-Ways/11195289/
2026-08-25 10:34:27,617 | INFO | [13/5] 2014 Mitsubishi Pajero | Price: 499900 | Images: 1/5 | Status: parsed
2026-08-25 10:34:29,118 | INFO | Downloading https://www.cars.co.za/for-sale/used/2021-Kia-Picanto-1.2-Start-Gauteng-Germiston/11195296/
2026-08-25 10:34:29,578 | INFO | [14/5] 2021 Kia Picanto | Price: 110000 | Images: 1/5 | Status: parsed
2026-08-25 10:34:31,094 | INFO | Downloading https://www.cars.co.za/for-sale/used/2014-Renault-Sandero-1.6-Dynamique-Gauteng-Randburg/11195281/
2026-08-25 10:34:31,633 | INFO | [15/5] 2014 Renault Sandero | Price: 79900 | Images: 1/5 | Status: parsed
2026-08-25 10:34:33,134 | INFO | Downloading https://www.cars.co.za/for-sale/used/2018-Hyundai-i20-1.4-Fluid-Gauteng-Germiston/11195293/
2026-08-25 10:34:33,543 | INFO | [16/5] 2018 Hyundai i20 | Price: 138000 | Images: 1/5 | Status: parsed
2026-08-25 10:34:35,044 | INFO | Downloading https://www.cars.co.za/for-sale/used/2026-Land-Rover-Defender-130-D350-X-Dynamic-HSE-Gauteng-Alberton/11195282/
2026-08-25 10:34:35,548 | INFO | [17/5] 2026 Land Rover | Price: 2399995 | Images: 1/5 | Status: parsed
2026-08-25 10:34:37,048 | INFO | Downloading https://www.cars.co.za/for-sale/used/2013-BMW-3-Series-320d-Sport-Auto-Gauteng-Boksburg/11195268/
2026-08-25 10:34:37,712 | INFO | [18/5] 2013 BMW 3 | Price: 189995 | Images: 1/5 | Status: parsed
2026-08-25 10:34:39,213 | INFO | Downloading https://www.cars.co.za/for-sale/used/2022-Chery-Tiggo-8-Pro-1.6-TDGi-Executive-DCT-Kwazulu-Natal-Durban/11195285/
2026-08-25 10:34:39,669 | INFO | [19/5] 2022 Chery Tiggo | Price: 329999 | Images: 1/5 | Status: parsed
2026-08-25 10:34:41,170 | INFO | Downloading https://www.cars.co.za/for-sale/used/2013-BMW-1-Series-116i-5-dr-M-Sport-Gauteng-Boksburg/11195267/
2026-08-25 10:34:41,613 | INFO | [20/5] 2013 BMW 1 | Price: 119995 | Images: 1/5 | Status: parsed
2026-08-25 10:34:43,171 | INFO | Finished: 0 valid, 20 invalid, 20 unique
2026-08-25 10:35:02,635 | INFO | Downloading https://www.cars.co.za/usedcars/?sort=sort_rank&price_type=listing_price&P=1
2026-08-25 10:35:03,769 | INFO | Downloading https://www.cars.co.za/for-sale/used/2019-Haval-H6C-2.0T-Luxury-Auto-Gauteng-Vereeniging/11195262/
2026-08-25 10:35:03,975 | INFO | [1/5] 2019 Haval H6C | Price: 249900 | Images: 28/5 | Status: parsed
2026-08-25 10:35:05,476 | INFO | Downloading https://www.cars.co.za/for-sale/used/2020-Toyota-Hilux-2.8-GD-6-Raised-Body-Raider-4x4-Auto-Extended-Cab-Gauteng-Vereeniging/11195258/
2026-08-25 10:35:05,642 | INFO | [2/5] 2020 Toyota Hilux | Price: 649900 | Images: 28/5 | Status: parsed
2026-08-25 10:35:07,143 | INFO | Downloading https://www.cars.co.za/for-sale/used/2017-Volkswagen-Polo-GP-1.2-TSI-Trendline-66kW-Gauteng-Pretoria/11195279/
2026-08-25 10:35:07,338 | INFO | [3/5] 2017 Volkswagen Polo | Price: 174900 | Images: 28/5 | Status: parsed
2026-08-25 10:35:08,838 | INFO | Downloading https://www.cars.co.za/for-sale/used/2017-Nissan-Qashqai-1.2T-Acenta-Tech-Auto-Western-Cape-Cape-Town/11195308/
2026-08-25 10:35:08,936 | INFO | [4/5] 2017 Nissan Qashqai | Price: 175000 | Images: 1/5 | Status: parsed
2026-08-25 10:35:10,437 | INFO | Downloading https://www.cars.co.za/for-sale/used/2022-Kia-Picanto-1.2-Street-Western-Cape-Cape-Town/11195307/
2026-08-25 10:35:10,645 | INFO | [5/5] 2022 Kia Picanto | Price: 160995 | Images: 1/5 | Status: parsed
2026-08-25 10:35:12,172 | INFO | Finished: 0 valid, 5 invalid, 5 unique
2026-08-25 10:45:42,329 | INFO | Downloading https://www.cars.co.za/usedcars/?sort=sort_rank&price_type=listing_price&P=1
2026-08-25 10:45:43,581 | INFO | Downloading https://www.cars.co.za/for-sale/used/2019-Haval-H6C-2.0T-Luxury-Auto-Gauteng-Vereeniging/11195262/
2026-08-25 10:45:43,768 | INFO | [1/5] 2019 Haval H6C | Price: 249900 | Images: 1/5 | Status: parsed
2026-08-25 10:45:45,268 | INFO | Downloading https://www.cars.co.za/for-sale/used/2020-Toyota-Hilux-2.8-GD-6-Raised-Body-Raider-4x4-Auto-Extended-Cab-Gauteng-Vereeniging/11195258/
2026-08-25 10:45:45,453 | INFO | [2/5] 2020 Toyota Hilux | Price: 649900 | Images: 1/5 | Status: parsed
2026-08-25 10:45:46,953 | INFO | Downloading https://www.cars.co.za/for-sale/used/2017-Volkswagen-Polo-GP-1.2-TSI-Trendline-66kW-Gauteng-Pretoria/11195279/
2026-08-25 10:45:47,110 | INFO | [3/5] 2017 Volkswagen Polo | Price: 174900 | Images: 1/5 | Status: parsed
2026-08-25 10:45:48,610 | INFO | Downloading https://www.cars.co.za/for-sale/used/2017-Nissan-Qashqai-1.2T-Acenta-Tech-Auto-Western-Cape-Cape-Town/11195308/
2026-08-25 10:45:48,727 | INFO | [4/5] 2017 Nissan Qashqai | Price: 175000 | Images: 1/5 | Status: parsed
2026-08-25 10:45:50,228 | INFO | Downloading https://www.cars.co.za/for-sale/used/2022-Kia-Picanto-1.2-Street-Western-Cape-Cape-Town/11195307/
2026-08-25 10:45:50,308 | INFO | [5/5] 2022 Kia Picanto | Price: 160995 | Images: 1/5 | Status: parsed
2026-08-25 10:45:51,838 | INFO | Finished: 0 valid, 5 invalid, 5 unique
2026-08-25 10:46:37,733 | INFO | Downloading https://www.cars.co.za/usedcars/?sort=sort_rank&price_type=listing_price&P=1
2026-08-25 10:46:39,256 | INFO | Downloading https://www.cars.co.za/for-sale/used/2023-Kia-Picanto-1.2-X-Line-Auto-Western-Cape-Cape-Town/11195306/
2026-08-25 10:46:39,396 | INFO | [6/5] 2023 Kia Picanto | Price: 204995 | Images: 1/5 | Status: parsed
2026-08-25 10:46:40,897 | INFO | Downloading https://www.cars.co.za/for-sale/used/2013-BMW-3-Series-320i-M-Sport-Auto-Gauteng-Pretoria/11195297/
2026-08-25 10:46:40,995 | INFO | [7/5] 2013 BMW 3 | Price: 169000 | Images: 1/5 | Status: parsed
2026-08-25 10:46:42,496 | INFO | Downloading https://www.cars.co.za/for-sale/used/2013-Mitsubishi-Pajero-3.2-Di-Dc-GLS-SWB-Auto-Gauteng-Four-Ways/11195295/
2026-08-25 10:46:42,620 | INFO | [8/5] 2013 Mitsubishi Pajero | Price: 499900 | Images: 1/5 | Status: parsed
2026-08-25 10:46:44,121 | INFO | Downloading https://www.cars.co.za/for-sale/used/2023-Toyota-Corolla-Cross-1.8-XR-Gauteng-Germiston/11195303/
2026-08-25 10:46:44,227 | INFO | [9/5] 2023 Toyota Corolla | Price: 263000 | Images: 1/5 | Status: parsed
2026-08-25 10:46:45,728 | INFO | Downloading https://www.cars.co.za/for-sale/used/2018-Audi-S3-Cabriolet-quattro-Auto-Gauteng-Four-Ways/11195294/
2026-08-25 10:46:45,855 | INFO | [10/5] 2018 Audi S3 | Price: 599900 | Images: 1/5 | Status: parsed
2026-08-25 10:46:47,385 | INFO | Finished: 0 valid, 10 invalid, 10 unique
2026-08-25 10:47:04,869 | INFO | Downloading https://www.cars.co.za/usedcars/?sort=sort_rank&price_type=listing_price&P=1
2026-08-25 10:47:05,932 | INFO | Downloading https://www.cars.co.za/for-sale/used/2019-Haval-H6C-2.0T-Luxury-Auto-Gauteng-Vereeniging/11195262/
2026-08-25 10:47:06,094 | INFO | [1/5] 2019 Haval H6C | Price: 249900 | Images: 1/5 | Status: parsed
2026-08-25 10:47:07,595 | INFO | Downloading https://www.cars.co.za/for-sale/used/2020-Toyota-Hilux-2.8-GD-6-Raised-Body-Raider-4x4-Auto-Extended-Cab-Gauteng-Vereeniging/11195258/
2026-08-25 10:47:07,749 | INFO | [2/5] 2020 Toyota Hilux | Price: 649900 | Images: 1/5 | Status: parsed
2026-08-25 10:47:09,250 | INFO | Downloading https://www.cars.co.za/for-sale/used/2017-Volkswagen-Polo-GP-1.2-TSI-Trendline-66kW-Gauteng-Pretoria/11195279/
2026-08-25 10:47:09,430 | INFO | [3/5] 2017 Volkswagen Polo | Price: 174900 | Images: 1/5 | Status: parsed
2026-08-25 10:47:10,931 | INFO | Downloading https://www.cars.co.za/for-sale/used/2017-Nissan-Qashqai-1.2T-Acenta-Tech-Auto-Western-Cape-Cape-Town/11195308/
2026-08-25 10:47:11,064 | INFO | [4/5] 2017 Nissan Qashqai | Price: 175000 | Images: 1/5 | Status: parsed
2026-08-25 10:47:12,565 | INFO | Downloading https://www.cars.co.za/for-sale/used/2022-Kia-Picanto-1.2-Street-Western-Cape-Cape-Town/11195307/
2026-08-25 10:47:12,677 | INFO | [5/5] 2022 Kia Picanto | Price: 160995 | Images: 1/5 | Status: parsed
2026-08-25 10:47:14,206 | INFO | Finished: 0 valid, 5 invalid, 5 unique
2026-08-25 10:53:21,190 | INFO | Downloading https://www.cars.co.za/usedcars/?sort=sort_rank&price_type=listing_price&P=1
2026-08-25 10:53:23,204 | INFO | Downloading https://www.cars.co.za/for-sale/used/2019-Haval-H6C-2.0T-Luxury-Auto-Gauteng-Vereeniging/11195262/
2026-08-25 10:53:24,550 | INFO | [1/5] 2019 Haval H6C | Price: 249900 | Images: 1/5 | Status: parsed
2026-08-25 10:53:26,051 | INFO | Downloading https://www.cars.co.za/for-sale/used/2020-Toyota-Hilux-2.8-GD-6-Raised-Body-Raider-4x4-Auto-Extended-Cab-Gauteng-Vereeniging/11195258/
2026-08-25 10:53:27,325 | INFO | [2/5] 2020 Toyota Hilux | Price: 649900 | Images: 1/5 | Status: parsed
2026-08-25 10:53:28,825 | INFO | Downloading https://www.cars.co.za/for-sale/used/2026-Audi-Q2-1.4-TFSI-S-Line-Auto--35-TFSI-Gauteng-Johannesburg/11195369/
2026-08-25 10:53:29,584 | INFO | [3/5] 2026 Audi Q2 | Price: 689995 | Images: 1/5 | Status: parsed
2026-08-25 10:53:31,085 | INFO | Downloading https://www.cars.co.za/for-sale/used/2023-Audi-A4-2.0-TFSI-Auto--35-TFSI-Gauteng-Four-Ways/11195370/
2026-08-25 10:53:32,846 | INFO | [4/5] 2023 Audi A4 | Price: 419000 | Images: 1/5 | Status: parsed
2026-08-25 10:53:34,347 | INFO | Downloading https://www.cars.co.za/for-sale/used/2025-BMW-X3-sDrive-20i-Eastern-Cape-Port-Elizabeth/11195371/
2026-08-25 10:53:36,207 | INFO | [5/5] 2025 BMW X3 | Price: 989900 | Images: 1/5 | Status: parsed
2026-08-25 10:53:37,743 | INFO | Finished: 0 valid, 5 invalid, 5 unique
